board holders belmont,carlton
board unreadable 3
card T-01 blocks T-02,T-03,T-04,T-10,T-11,T-12,T-13,T-14,T-15
card T-01 flagged no
card T-01 owner adelaide
card T-01 points 3
card T-01 related -
card T-01 status done
card T-01 waiting -
card T-02 blocks T-06
card T-02 flagged no
card T-02 owner belmont
card T-02 points 1
card T-02 related -
card T-02 status claimed
card T-02 waiting -
card T-03 blocks -
card T-03 flagged yes
card T-03 owner adelaide
card T-03 points 2
card T-03 related T-08
card T-03 status claimed
card T-03 waiting -
card T-04 blocks -
card T-04 flagged no
card T-04 owner -
card T-04 points 8
card T-04 related T-05,T-10,T-11,T-12,T-13,T-14,T-15
card T-04 status split
card T-04 waiting -
card T-05 blocks -
card T-05 flagged no
card T-05 owner -
card T-05 points 5
card T-05 related T-10,T-12,T-13
card T-05 status backlog
card T-05 waiting T-11,T-14,T-15
card T-06 blocks -
card T-06 flagged no
card T-06 owner carlton
card T-06 points 1
card T-06 related -
card T-06 status done
card T-06 waiting -
card T-07 blocks T-08
card T-07 flagged yes
card T-07 owner dunedin
card T-07 points 2
card T-07 related -
card T-07 status done
card T-07 waiting -
card T-08 blocks -
card T-08 flagged yes
card T-08 owner dunedin
card T-08 points 3
card T-08 related T-03
card T-08 status in-progress
card T-08 waiting -
card T-09 blocks -
card T-09 flagged yes
card T-09 owner -
card T-09 points 13
card T-09 related -
card T-09 status backlog
card T-09 waiting -
card T-10 blocks -
card T-10 flagged no
card T-10 owner belmont
card T-10 points 3
card T-10 related T-04,T-05,T-11,T-12,T-13,T-14,T-15
card T-10 status split
card T-10 waiting -
card T-11 blocks T-05
card T-11 flagged no
card T-11 owner -
card T-11 points 5
card T-11 related T-04,T-10,T-12,T-13,T-14,T-15
card T-11 status backlog
card T-11 waiting -
card T-12 blocks -
card T-12 flagged no
card T-12 owner -
card T-12 points 2
card T-12 related T-04,T-05,T-10,T-11,T-13,T-14,T-15
card T-12 status backlog
card T-12 waiting -
card T-13 blocks -
card T-13 flagged no
card T-13 owner -
card T-13 points 1
card T-13 related T-04,T-05,T-10,T-11,T-12,T-14,T-15
card T-13 status backlog
card T-13 waiting -
card T-14 blocks T-05
card T-14 flagged no
card T-14 owner -
card T-14 points 2
card T-14 related T-04,T-10,T-11,T-12,T-13,T-15
card T-14 status backlog
card T-14 waiting -
card T-15 blocks T-05
card T-15 flagged no
card T-15 owner -
card T-15 points 1
card T-15 related T-04,T-10,T-11,T-12,T-13,T-14
card T-15 status backlog
card T-15 waiting -
